2025-04-30T23:38:10.887513200+02:00 - INFO - In MyApp
2025-04-30T23:38:13.611138100+02:00 - INFO - In add_to_input
2025-04-30T23:38:14.123048+02:00 - INFO - In add_to_input
2025-04-30T23:38:18.075089+02:00 - INFO - In add_to_input
2025-04-30T23:38:19.888633100+02:00 - INFO - In add_to_input
2025-04-30T23:38:21.067667800+02:00 - INFO - In add_to_input
2025-04-30T23:38:22.235060300+02:00 - INFO - In calculate
2025-04-30T23:38:22.235490500+02:00 - INFO - Expression: (9-)9
2025-04-30T23:38:22.235853100+02:00 - INFO - In preprocess_expression
2025-04-30T23:38:22.236163500+02:00 - INFO - Chars: ['(', '9', '-', ')', '9']
2025-04-30T23:38:22.236483800+02:00 - INFO - Result: (9-)9
2025-04-30T23:38:22.236764100+02:00 - INFO - Processed expression: (9-)9
2025-04-30T23:38:22.237090400+02:00 - INFO - Error: Parse error: Unexpected token at byte 3.
2025-04-30T23:38:27.208669600+02:00 - INFO - In add_to_input
2025-04-30T23:38:29.669129700+02:00 - INFO - In add_to_input
2025-04-30T23:38:30.182614600+02:00 - INFO - In add_to_input
2025-04-30T23:38:31.271114800+02:00 - INFO - In add_to_input
2025-04-30T23:38:32.320836300+02:00 - INFO - In add_to_input
2025-04-30T23:38:33.111210+02:00 - INFO - In add_to_input
2025-04-30T23:38:33.935211200+02:00 - INFO - In calculate
2025-04-30T23:38:33.935681300+02:00 - INFO - Expression: (9)-9
2025-04-30T23:38:33.935928500+02:00 - INFO - In preprocess_expression
2025-04-30T23:38:33.936438500+02:00 - INFO - Chars: ['(', '9', ')', '-', '9']
2025-04-30T23:38:33.936685200+02:00 - INFO - Result: (9)-9
2025-04-30T23:38:33.936903900+02:00 - INFO - Processed expression: (9)-9
2025-04-30T23:38:33.937474500+02:00 - INFO - Result: 0
2025-04-30T23:38:48.640740600+02:00 - INFO - In add_to_input
2025-04-30T23:38:49.768879800+02:00 - INFO - In add_to_input
2025-04-30T23:38:50.523688+02:00 - INFO - In add_to_input
2025-04-30T23:38:51.475387300+02:00 - INFO - In calculate
2025-04-30T23:38:51.475966200+02:00 - INFO - Expression: 9/0
2025-04-30T23:38:51.476332600+02:00 - INFO - In preprocess_expression
2025-04-30T23:38:51.476671300+02:00 - INFO - Chars: ['9', '/', '0']
2025-04-30T23:38:51.477033400+02:00 - INFO - Result: 9/0
2025-04-30T23:38:51.477375600+02:00 - INFO - Processed expression: 9/0
2025-04-30T23:38:51.477785100+02:00 - INFO - Result: inf
2025-04-30T23:38:58.927493+02:00 - INFO - In add_to_input
2025-04-30T23:39:00.193231200+02:00 - INFO - In add_to_input
2025-04-30T23:39:00.724933500+02:00 - INFO - In add_to_input
2025-04-30T23:39:01.478882+02:00 - INFO - In calculate
2025-04-30T23:39:01.479196300+02:00 - INFO - Expression: 0/9
2025-04-30T23:39:01.479450800+02:00 - INFO - In preprocess_expression
2025-04-30T23:39:01.479665600+02:00 - INFO - Chars: ['0', '/', '9']
2025-04-30T23:39:01.479920400+02:00 - INFO - Result: 0/9
2025-04-30T23:39:01.480132100+02:00 - INFO - Processed expression: 0/9
2025-04-30T23:39:01.480395600+02:00 - INFO - Result: 0
2025-04-30T23:40:38.390821100+02:00 - INFO - In MyApp
2025-04-30T23:41:08.134457800+02:00 - INFO - In MyApp
2025-04-30T23:49:18.058552900+02:00 - INFO - In MyApp
